main.c:153:6:microsecondDelay	16	static
main.c:159:6:setDirectionS0	16	static
main.c:171:6:setDirectionS1	16	static
main.c:183:6:setDirectionS2	16	static
main.c:195:6:sendPulseS0	8	static
main.c:202:6:sendPulseS1	8	static
main.c:209:6:sendPulseS2	8	static
main.c:217:6:motionComplete	16	static
main.c:228:6:programInit	16	static
main.c:261:6:setNextInterruptInterval	24	static
main.c:309:6:ramp	40	static
main.c:317:9:max	24	static
main.c:330:6:setScaleFactors	48	static
main.c:346:7:getDurationOfUninterruptedMovement	32	static
main.c:361:6:runMotor	16	static
main.c:379:6:copyNewCommands	16	static
main.c:387:6:configForNewCommand	24	static
main.c:416:5:main	16	static
main.c:508:6:SystemClock_Config	88	static
main.c:553:13:MX_TIM2_Init	40	static
main.c:599:13:MX_TIM3_Init	40	static
main.c:645:13:MX_TIM4_Init	40	static
main.c:691:13:MX_GPIO_Init	32	static
main.c:725:6:Error_Handler	4	static
