main.c:152:6:microsecondDelay	16	static
main.c:158:6:setDirectionS0	16	static
main.c:170:6:setDirectionS1	16	static
main.c:182:6:setDirectionS2	16	static
main.c:194:6:sendPulseS0	8	static
main.c:201:6:sendPulseS1	8	static
main.c:208:6:sendPulseS2	8	static
main.c:216:6:motionComplete	16	static
main.c:229:6:programInit	16	static
main.c:259:6:setNextInterruptInterval	24	static
main.c:313:6:ramp	40	static
main.c:321:9:max	24	static
main.c:334:6:setScaleFactors	48	static
main.c:345:7:getDurationOfUninterruptedMovement	32	static
main.c:360:6:runMotor	16	static
main.c:378:6:configForNewCommand	32	static
main.c:467:5:main	16	static
main.c:545:6:SystemClock_Config	88	static
main.c:590:13:MX_TIM2_Init	32	static
main.c:635:13:MX_TIM3_Init	32	static
main.c:680:13:MX_TIM4_Init	32	static
main.c:725:13:MX_GPIO_Init	32	static
main.c:759:6:Error_Handler	4	static
